----------------------------------------------------------------------------------
Vote: 
[root@ip-172-31-46-108 k8s-specifications]#
[root@ip-172-31-46-108 k8s-specifications]#
[root@ip-172-31-46-108 k8s-specifications]# kubectl get po
NAME                      READY   STATUS              RESTARTS   AGE
db-b54cd94f4-5mmfj        1/1     Running             0          4s
redis-868d64d78-nvx68     1/1     Running             0          4s
result-5d57b59f4b-gtkbk   0/1     ContainerCreating   0          4s
vote-94849dc97-tsfbm      0/1     ContainerCreating   0          3s
worker-dd46d7584-cvjk6    0/1     ContainerCreating   0          3s
[root@ip-172-31-46-108 k8s-specifications]#
[root@ip-172-31-46-108 k8s-specifications]#
[root@ip-172-31-46-108 k8s-specifications]# kubectl get po
NAME                      READY   STATUS    RESTARTS   AGE
db-b54cd94f4-5mmfj        1/1     Running   0          6s
redis-868d64d78-nvx68     1/1     Running   0          6s
result-5d57b59f4b-gtkbk   1/1     Running   0          6s
vote-94849dc97-tsfbm      1/1     Running   0          5s
worker-dd46d7584-cvjk6    1/1     Running   0          5s
[root@ip-172-31-46-108 k8s-specifications]#
[root@ip-172-31-46-108 k8s-specifications]#
[root@ip-172-31-46-108 k8s-specifications]# kubectl get po
NAME                      READY   STATUS    RESTARTS   AGE
db-b54cd94f4-5mmfj        1/1     Running   0          8s
redis-868d64d78-nvx68     1/1     Running   0          8s
result-5d57b59f4b-gtkbk   1/1     Running   0          8s
vote-94849dc97-tsfbm      1/1     Running   0          7s
worker-dd46d7584-cvjk6    1/1     Running   0          7s
[root@ip-172-31-46-108 k8s-specifications]#
[root@ip-172-31-46-108 k8s-specifications]#
[root@ip-172-31-46-108 k8s-specifications]# kubectl logs vote-94849dc97-tsfbm > vote_1.txt
[root@ip-172-31-46-108 k8s-specifications]#
[root@ip-172-31-46-108 k8s-specifications]#
[root@ip-172-31-46-108 k8s-specifications]# kubectl delete vote-94849dc97-tsfbm
error: the server doesn't have a resource type "vote-94849dc97-tsfbm"
[root@ip-172-31-46-108 k8s-specifications]# kubectl delete pod vote-94849dc97-tsfbm
pod "vote-94849dc97-tsfbm" deleted

**********************************
Observation>> After deleting the vote pod. Both Vote and Result application are working fine. 
For unix point of view a new vote pod was created.
**********************************
vote_1.txt : Vote Log

[2023-10-04 10:10:23 +0000] [1] [INFO] Starting gunicorn 20.1.0
[2023-10-04 10:10:23 +0000] [1] [INFO] Listening at: http://0.0.0.0:80 (1)
[2023-10-04 10:10:23 +0000] [1] [INFO] Using worker: sync
[2023-10-04 10:10:23 +0000] [7] [INFO] Booting worker with pid: 7
[2023-10-04 10:10:23 +0000] [8] [INFO] Booting worker with pid: 8
[2023-10-04 10:10:23 +0000] [9] [INFO] Booting worker with pid: 9
[2023-10-04 10:10:23 +0000] [10] [INFO] Booting worker with pid: 10
172.31.46.108 - - [04/Oct/2023:10:10:32 +0000] "GET / HTTP/1.1" 200 1293 "-" "Mozilla/5.0 (Windows NT 10.0; Win64; x64) AppleWebKit/537.36 (KHTML, like Gecko) Chrome/117.0.0.0 Safari/537.36"
172.31.46.108 - - [04/Oct/2023:10:10:32 +0000] "GET /static/stylesheets/style.css HTTP/1.1" 304 0 "http://13.212.39.46:31002/" "Mozilla/5.0 (Windows NT 10.0; Win64; x64) AppleWebKit/537.36 (KHTML, like Gecko) Chrome/117.0.0.0 Safari/537.36"
[2023-10-04 10:10:42,466] INFO in app: Received vote for a
[2023-10-04 10:10:42 +0000] [7] [INFO] Received vote for a
172.31.46.108 - - [04/Oct/2023:10:10:42 +0000] "POST / HTTP/1.1" 200 1696 "http://13.212.39.46:31002/" "Mozilla/5.0 (Windows NT 10.0; Win64; x64) AppleWebKit/537.36 (KHTML, like Gecko) Chrome/117.0.0.0 Safari/537.36"
172.31.46.108 - - [04/Oct/2023:10:10:42 +0000] "GET /static/stylesheets/style.css HTTP/1.1" 304 0 "http://13.212.39.46:31002/" "Mozilla/5.0 (Windows NT 10.0; Win64; x64) AppleWebKit/537.36 (KHTML, like Gecko) Chrome/117.0.0.0 Safari/537.36"
[2023-10-04 10:10:46,496] INFO in app: Received vote for b
[2023-10-04 10:10:46 +0000] [8] [INFO] Received vote for b
172.31.46.108 - - [04/Oct/2023:10:10:46 +0000] "POST / HTTP/1.1" 200 1696 "http://13.212.39.46:31002/" "Mozilla/5.0 (Windows NT 10.0; Win64; x64) AppleWebKit/537.36 (KHTML, like Gecko) Chrome/117.0.0.0 Safari/537.36"
172.31.46.108 - - [04/Oct/2023:10:10:46 +0000] "GET /static/stylesheets/style.css HTTP/1.1" 304 0 "http://13.212.39.46:31002/" "Mozilla/5.0 (Windows NT 10.0; Win64; x64) AppleWebKit/537.36 (KHTML, like Gecko) Chrome/117.0.0.0 Safari/537.36"
[2023-10-04 10:10:49,434] INFO in app: Received vote for a
[2023-10-04 10:10:49 +0000] [9] [INFO] Received vote for a
172.31.46.108 - - [04/Oct/2023:10:10:49 +0000] "POST / HTTP/1.1" 200 1696 "http://13.212.39.46:31002/" "Mozilla/5.0 (Windows NT 10.0; Win64; x64) AppleWebKit/537.36 (KHTML, like Gecko) Chrome/117.0.0.0 Safari/537.36"
172.31.46.108 - - [04/Oct/2023:10:10:49 +0000] "GET /static/stylesheets/style.css HTTP/1.1" 304 0 "http://13.212.39.46:31002/" "Mozilla/5.0 (Windows NT 10.0; Win64; x64) AppleWebKit/537.36 (KHTML, like Gecko) Chrome/117.0.0.0 Safari/537.36"
[2023-10-04 10:10:53,748] INFO in app: Received vote for b
[2023-10-04 10:10:53 +0000] [7] [INFO] Received vote for b
172.31.46.108 - - [04/Oct/2023:10:10:53 +0000] "POST / HTTP/1.1" 200 1696 "http://13.212.39.46:31002/" "Mozilla/5.0 (Windows NT 10.0; Win64; x64) AppleWebKit/537.36 (KHTML, like Gecko) Chrome/117.0.0.0 Safari/537.36"
172.31.46.108 - - [04/Oct/2023:10:10:53 +0000] "GET /static/stylesheets/style.css HTTP/1.1" 304 0 "http://13.212.39.46:31002/" "Mozilla/5.0 (Windows NT 10.0; Win64; x64) AppleWebKit/537.36 (KHTML, like Gecko) Chrome/117.0.0.0 Safari/537.36"

----------------------------------------------------------------------------------

[root@ip-172-31-46-108 k8s-specifications]#
[root@ip-172-31-46-108 k8s-specifications]#
[root@ip-172-31-46-108 k8s-specifications]# kubectl get po
NAME                      READY   STATUS    RESTARTS   AGE
db-b54cd94f4-5mmfj        1/1     Running   0          109s
redis-868d64d78-nvx68     1/1     Running   0          109s
result-5d57b59f4b-gtkbk   1/1     Running   0          109s
vote-94849dc97-4rhqf      1/1     Running   0          26s
worker-dd46d7584-cvjk6    1/1     Running   0          108s
[root@ip-172-31-46-108 k8s-specifications]#
[root@ip-172-31-46-108 k8s-specifications]#
[root@ip-172-31-46-108 k8s-specifications]#
[root@ip-172-31-46-108 k8s-specifications]#
[root@ip-172-31-46-108 k8s-specifications]# kubectl logs worker-dd46d7584-cvjk6 > worker.txt
[root@ip-172-31-46-108 k8s-specifications]#
[root@ip-172-31-46-108 k8s-specifications]#
[root@ip-172-31-46-108 k8s-specifications]#
[root@ip-172-31-46-108 k8s-specifications]# kubectl delete pod worker-dd46d7584-cvjk6
pod "worker-dd46d7584-cvjk6" deleted

**********************************
Observation>> After deleting the worker pod. Both Vote and Result application are working fine. 
For unix point of view a new worker pod was created.
**********************************

worker.txt : Worker Log

Waiting for db
Waiting for db
Waiting for db
Connected to db
Found redis at 10.108.27.117
Connecting to redis
Processing vote for 'a' by 'da4a90fe7cf71ca'
Processing vote for 'b' by 'da4a90fe7cf71ca'
Processing vote for 'a' by 'da4a90fe7cf71ca'
Processing vote for 'b' by 'da4a90fe7cf71ca'
Processing vote for 'a' by 'da4a90fe7cf71ca'
Processing vote for 'b' by 'da4a90fe7cf71ca'
Processing vote for 'a' by 'da4a90fe7cf71ca'
Processing vote for 'b' by 'da4a90fe7cf71ca'
Processing vote for 'a' by 'da4a90fe7cf71ca'
Processing vote for 'b' by 'da4a90fe7cf71ca'

----------------------------------------------------------------------------------

[root@ip-172-31-46-108 k8s-specifications]#
[root@ip-172-31-46-108 k8s-specifications]# kubectl get po
NAME                      READY   STATUS    RESTARTS   AGE
db-b54cd94f4-5mmfj        1/1     Running   0          3m
redis-868d64d78-nvx68     1/1     Running   0          3m
result-5d57b59f4b-gtkbk   1/1     Running   0          3m
vote-94849dc97-4rhqf      1/1     Running   0          97s
worker-dd46d7584-v8dw2    1/1     Running   0          20s
[root@ip-172-31-46-108 k8s-specifications]#
[root@ip-172-31-46-108 k8s-specifications]#
[root@ip-172-31-46-108 k8s-specifications]#
[root@ip-172-31-46-108 k8s-specifications]# kubectl logs db-b54cd94f4-5mmfj > db_1.txt
[root@ip-172-31-46-108 k8s-specifications]#
[root@ip-172-31-46-108 k8s-specifications]#
[root@ip-172-31-46-108 k8s-specifications]# kubectl delete pod db-b54cd94f4-5mmfj
pod "db-b54cd94f4-5mmfj" deleted



[root@ip-172-31-46-108 k8s-specifications]#
[root@ip-172-31-46-108 k8s-specifications]#
[root@ip-172-31-46-108 k8s-specifications]#
[root@ip-172-31-46-108 k8s-specifications]#
[root@ip-172-31-46-108 k8s-specifications]#
[root@ip-172-31-46-108 k8s-specifications]# kubectl get po
NAME                      READY   STATUS    RESTARTS   AGE
db-b54cd94f4-s4mck        1/1     Running   0          63s
redis-868d64d78-nvx68     1/1     Running   0          4m55s
result-5d57b59f4b-gtkbk   1/1     Running   1          4m55s
vote-94849dc97-4rhqf      1/1     Running   0          3m32s
worker-dd46d7584-v8dw2    1/1     Running   1          2m15s
[root@ip-172-31-46-108 k8s-specifications]#
[root@ip-172-31-46-108 k8s-specifications]#

**********************************
Observation>> After deleting the db pod. Both Vote and Result application are working fine. There was a delay in the Result Application for 1 minute and later Result application started working. 
For unix point of view a new db pod was created and the result and worker pod's container was restarted.
**********************************

db_1.txt : db Log

The files belonging to this database system will be owned by user "postgres".
This user must also own the server process.

The database cluster will be initialized with locale "en_US.utf8".
The default database encoding has accordingly been set to "UTF8".
The default text search configuration will be set to "english".

Data page checksums are disabled.

fixing permissions on existing directory /var/lib/postgresql/data ... ok
creating subdirectories ... ok
selecting default max_connections ... 100
selecting default shared_buffers ... 128MB
creating configuration files ... ok
creating template1 database in /var/lib/postgresql/data/base/1 ... ok
initializing pg_authid ... ok
setting password ... ok
initializing dependencies ... ok
creating system views ... ok
loading system objects' descriptions ... ok
creating collations ... ok
creating conversions ... ok
creating dictionaries ... ok
setting privileges on built-in objects ... ok
creating information schema ... ok
loading PL/pgSQL server-side language ... ok
vacuuming database template1 ... ok
copying template1 to template0 ... ok
copying template1 to postgres ... ok
syncing data to disk ... ok

WARNING: enabling "trust" authentication for local connections
You can change this by editing pg_hba.conf or using the option -A, or
--auth-local and --auth-host, the next time you run initdb.

Success. You can now start the database server using:

    postgres -D /var/lib/postgresql/data
or
    pg_ctl -D /var/lib/postgresql/data -l logfile start

****************************************************
WARNING: No password has been set for the database.
         This will allow anyone with access to the
         Postgres port to access your database. In
         Docker's default configuration, this is
         effectively any other container on the same
         system.

         Use "-e POSTGRES_PASSWORD=password" to set
         it in "docker run".
****************************************************
waiting for server to start....LOG:  database system was shut down at 2023-10-04 10:10:25 UTC
LOG:  MultiXact member wraparound protections are now enabled
LOG:  database system is ready to accept connections
LOG:  autovacuum launcher started
 done
server started

/usr/local/bin/docker-entrypoint.sh: ignoring /docker-entrypoint-initdb.d/*

LOG:  received fast shutdown request
LOG:  aborting any active transactions
LOG:  autovacuum launcher shutting down
LOG:  shutting down
waiting for server to shut down....LOG:  database system is shut down
 done
server stopped

PostgreSQL init process complete; ready for start up.

LOG:  database system was shut down at 2023-10-04 10:10:26 UTC
LOG:  MultiXact member wraparound protections are now enabled
LOG:  database system is ready to accept connections
LOG:  autovacuum launcher started
ERROR:  relation "votes" does not exist at character 38
STATEMENT:  SELECT vote, COUNT(id) AS count FROM votes GROUP BY vote
ERROR:  duplicate key value violates unique constraint "votes_id_key"
DETAIL:  Key (id)=(da4a90fe7cf71ca) already exists.
STATEMENT:  INSERT INTO votes (id, vote) VALUES ($1, $2)
ERROR:  duplicate key value violates unique constraint "votes_id_key"
DETAIL:  Key (id)=(da4a90fe7cf71ca) already exists.
STATEMENT:  INSERT INTO votes (id, vote) VALUES ($1, $2)
ERROR:  duplicate key value violates unique constraint "votes_id_key"
DETAIL:  Key (id)=(da4a90fe7cf71ca) already exists.
STATEMENT:  INSERT INTO votes (id, vote) VALUES ($1, $2)
ERROR:  duplicate key value violates unique constraint "votes_id_key"
DETAIL:  Key (id)=(da4a90fe7cf71ca) already exists.
STATEMENT:  INSERT INTO votes (id, vote) VALUES ($1, $2)
ERROR:  duplicate key value violates unique constraint "votes_id_key"
DETAIL:  Key (id)=(da4a90fe7cf71ca) already exists.
STATEMENT:  INSERT INTO votes (id, vote) VALUES ($1, $2)
ERROR:  duplicate key value violates unique constraint "votes_id_key"
DETAIL:  Key (id)=(da4a90fe7cf71ca) already exists.
STATEMENT:  INSERT INTO votes (id, vote) VALUES ($1, $2)
ERROR:  duplicate key value violates unique constraint "votes_id_key"
DETAIL:  Key (id)=(da4a90fe7cf71ca) already exists.
STATEMENT:  INSERT INTO votes (id, vote) VALUES ($1, $2)
ERROR:  duplicate key value violates unique constraint "votes_id_key"
DETAIL:  Key (id)=(da4a90fe7cf71ca) already exists.
STATEMENT:  INSERT INTO votes (id, vote) VALUES ($1, $2)
ERROR:  duplicate key value violates unique constraint "votes_id_key"
DETAIL:  Key (id)=(da4a90fe7cf71ca) already exists.
STATEMENT:  INSERT INTO votes (id, vote) VALUES ($1, $2)
ERROR:  duplicate key value violates unique constraint "votes_id_key"
DETAIL:  Key (id)=(da4a90fe7cf71ca) already exists.
STATEMENT:  INSERT INTO votes (id, vote) VALUES ($1, $2)
ERROR:  duplicate key value violates unique constraint "votes_id_key"
DETAIL:  Key (id)=(da4a90fe7cf71ca) already exists.
STATEMENT:  INSERT INTO votes (id, vote) VALUES ($1, $2)
ERROR:  duplicate key value violates unique constraint "votes_id_key"
DETAIL:  Key (id)=(da4a90fe7cf71ca) already exists.
STATEMENT:  INSERT INTO votes (id, vote) VALUES ($1, $2)
ERROR:  duplicate key value violates unique constraint "votes_id_key"
DETAIL:  Key (id)=(da4a90fe7cf71ca) already exists.
STATEMENT:  INSERT INTO votes (id, vote) VALUES ($1, $2)
ERROR:  duplicate key value violates unique constraint "votes_id_key"
DETAIL:  Key (id)=(da4a90fe7cf71ca) already exists.
STATEMENT:  INSERT INTO votes (id, vote) VALUES ($1, $2)
ERROR:  duplicate key value violates unique constraint "votes_id_key"
DETAIL:  Key (id)=(da4a90fe7cf71ca) already exists.
STATEMENT:  INSERT INTO votes (id, vote) VALUES ($1, $2)

----------------------------------------------------------------------------------
